// Jest Snapshot v1, https://goo.gl/fbAQLP

exports[`renders when there are no items 1`] = `
Array [
  <div
    className="App"
  >
    <nav
      className="navbar navbar-expand-lg navbar-light bg-light mb-4"
    >
      <div
        className="container"
      >
        <a
          className="navbar-brand fs-3 ubuntu"
          href="/"
          onClick={[Function]}
        >
          Simpsons
        </a>
      </div>
    </nav>
  </div>,
  <div
    className="App"
  >
    <h1
      className="ubuntu my-5"
    >
      Characters
    </h1>
    <div
      className="container"
    >
      <div
        className="row"
      >
        <div
          className="col-3"
        >
          <a
            href="/addnew"
            onClick={[Function]}
          >
            <div>
              <button
                className="button"
              >
                 + 
              </button>
            </div>
          </a>
        </div>
        <div
          className="col-8"
        >
          <div
            className="row"
          />
        </div>
      </div>
    </div>
  </div>,
]
`;
